# DATE: 2021-10-05 UNITS: https://github.com/FitSNAP/FitSNAP

pair_style snap
pair_coeff * * Fe_pot.snapcoefff Fe_pot.snapparam Fe
